e|-1-/-2-\-1-------------|
B|-----------------------|
G|-----------h-1-p-0-----|
D|-------------------h-1-|
A|-----------------------|
E|-----------------------|

