e|-1-2-3-4-|
B|---------|
G|---------|
D|---------|
A|---------|
E|---------|

