e|-1-/-4-|
B|-------|
G|-------|
D|-------|
A|-------|
E|-------|
