e|-1-2-----|
B|-----3-4-|
G|---------|
D|---------|
A|---------|
E|---------|

