e|-1-----|
B|---/-4-|
G|-------|
D|-------|
A|-------|
E|-------|

