e|-1-x-2-------|
B|-------3-x-4-|
G|-------------|
D|-------------|
A|-------------|
E|-------------|

