e|-1*-1m-1~-|
B|----------|
G|----------|
D|----------|
A|----------|
E|----------|

