e|-2-----|
B|-2-/-3-|
G|---/-3-|
D|-------|
A|-------|
E|-------|
