e|-2-3-|
B|-2-3-|
G|---3-|
D|-----|
A|-----|
E|-----|

