e|-1-----1-----|
B|---1-----1---|
G|-----1-----1-|
D|-------------|
A|-------------|
E|-------------|

