e|-1-/-2-|
B|---/-2-|
G|-------|
D|-------|
A|-------|
E|-------|
